// Jest Snapshot v1, https://goo.gl/fbAQLP

exports[`APP TESTS should match the snapshot 1`] = `ShallowWrapper {}`;
